EN bafer NULL "C:/Users/HP EliteBook 840 G1/poli/zad/bafer.vhd" sub00/vhpl00 1642108683
EN kruzni NULL "C:/Users/HP EliteBook 840 G1/poli/zad/ipcore_dir/kruzni.vhd" sub00/vhpl02 1642108681
AR kruzni kruzni_a "C:/Users/HP EliteBook 840 G1/poli/zad/ipcore_dir/kruzni.vhd" sub00/vhpl03 1642108682
AR bafer behavioral "C:/Users/HP EliteBook 840 G1/poli/zad/bafer.vhd" sub00/vhpl01 1642108684
